node.exe : $ next build
所在位置 C:\nvm4w\nodejs\pnpm.ps1:16 字符: 5
+     & "$basedir/node$exe"  "$basedir/node_modules/pnpm/bin/pnpm.mjs"  ...
+     ~~~~~~~~~~~~~~~~~~~~~~~~~~~~~~~~~~~~~~~~~~~~~~~~~~~~~~~~~~~~~~~~~
    + CategoryInfo          : NotSpecified: ($ next build:String) [], RemoteException
    + FullyQualifiedErrorId : NativeCommandError
 
▲ Next.js 16.2.10 (Turbopack)
- Environments: .env.local

  Creating an optimized production build ...
Turbopack build encountered 1 warnings:
./next.config.ts
Encountered unexpected file in NFT list
A file was traced that indicates that the whole project was traced unintentionally. Somewhere in the import trace below
, there are:
- filesystem operations (like path.join, path.resolve or fs.readFile), or
- very dynamic requires (like require('./' + foo)).
To resolve this, you can
- remove them if possible, or
- only use them in development, or
- make sure they are statically scoped to some subfolder: path.join(process.cwd(), 'data', bar), or
- add ignore comments: path.join(/*turbopackIgnore: true*/ process.cwd(), bar)

Import trace:
  App Route:
    ./next.config.ts
    ./src/app/api/fixture/route.ts


✓ Compiled successfully in 3.4s
  Running TypeScript ...
  Finished TypeScript in 3.9s ...
  Collecting page data using 15 workers ...
  Generating static pages using 15 workers (0/35) ...
  Generating static pages using 15 workers (8/35) 
  Generating static pages using 15 workers (17/35) 
  Generating static pages using 15 workers (26/35) 
✓ Generating static pages using 15 workers (35/35) in 315ms
  Finalizing page optimization ...

Route (app)
┌ ○ /
├ ○ /_not-found
├ ƒ /api/analyze
├ ƒ /api/batches
├ ƒ /api/existing-codes
├ ƒ /api/fixture
├ ƒ /api/health
├ ƒ /api/import-monitor/phase
├ ƒ /api/import-monitor/summary
├ ƒ /api/import-tasks
├ ƒ /api/import-tasks/[taskId]
├ ƒ /api/import-tasks/[taskId]/batches
├ ƒ /api/import-tasks/[taskId]/errors
├ ƒ /api/init-db
├ ƒ /api/loadtest
├ ƒ /api/loadtest/report
├ ƒ /api/monitor
├ ƒ /api/parse
├ ƒ /api/rules
├ ƒ /api/scan
├ ƒ /api/seed-sku
├ ƒ /api/tickets
├ ƒ /api/traces
├ ƒ /api/waybills
├ ƒ /api/waybills/exception-status
├ ƒ /api/waybills/snapshot
├ ƒ /api/waybills/sync
├ ƒ /api/waybills/verify-sku
├ ƒ /api/worker/cron
├ ƒ /api/worker/qstash
├ ○ /history
├ ○ /loadtest
├ ○ /monitor-v4
├ ○ /rules
├ ○ /tasks
├ ƒ /tasks/[taskId]
├ ○ /traces
└ ○ /waybills


○  (Static)   prerendered as static content
ƒ  (Dynamic)  server-rendered on demand

