node.exe : npm warn Unknown project config "node-linker". This will stop working in the next major version of npm. See 
`npm help npmrc` for supported config options.
所在位置 行:1 字符: 1
+ & "C:\nvm4w\nodejs/node.exe" "C:\nvm4w\nodejs/node_modules/npm/bin/np ...
+ ~~~~~~~~~~~~~~~~~~~~~~~~~~~~~~~~~~~~~~~~~~~~~~~~~~~~~~~~~~~~~~~~~~~~~
    + CategoryInfo          : NotSpecified: (npm warn Unknow...config options.:String) [], RemoteException
    + FullyQualifiedErrorId : NativeCommandError
 
Vercel CLI 58.7.1 (Node.js 24.14.1)
Retrieving project…
Deploying zhous-projects-daecd222/20260704155001
Uploading [--------------------] (0.0B/7.8KB)
Uploading [===============-----] (6.0KB/7.8KB)
Uploading [===============-----] (6.0KB/7.8KB)
Uploading [====================] (7.8KB/7.8KB)
  Inspect         https://vercel.com/zhous-projects-daecd222/20260704155001/AiMkMKweKgHihYdjW6CXBv4t3cVH
  Production      https://20260704155001-nf4ahq61q-zhous-projects-daecd222.vercel.app
Building…
Running build in Washington, D.C., USA (East) – iad1
Build machine configuration: 2 cores, 8 GB
Retrieving list of deployment files...
Retrieving list of deployment files...
Downloading 119 deployment files...
Restored build cache from previous deployment (J8Z6xQU3N9afYYwFxkyX5W9VPomu)
Running "vercel build"
Vercel CLI 58.1.0
Warning: Detected "engines": { "node": ">=20.0.0" } in your `package.json` that will automatically upgrade when a new m
ajor Node.js Version is released. Learn More: https://vercel.link/node-version
Detected `pnpm-lock.yaml` 9 which may be generated by pnpm@9.x or pnpm@10.x
Using pnpm@10.x based on project creation date
To use pnpm@9.x, manually opt in using corepack (https://vercel.com/docs/deployments/configure-a-build#corepack)
Running "install" command: `echo 'node-linker=hoisted' > .npmrc && pnpm install --no-frozen-lockfile`...
Lockfile is up to date, resolution step is skipped
Packages: -108
--------------------------------------------------------------------------------
Progress: resolved 0, reused 0, downloaded 1, added 0
Progress: resolved 0, reused 0, downloaded 5, added 0, done
Done in 13.7s using pnpm v10.28.0
Detected Next.js version: 16.2.10
Running "pnpm run build"
> ai-waybill-import-v2@0.1.0 build /vercel/path0
> next build
Applying modifyConfig from Vercel
▲ Next.js 16.2.10 (Turbopack)
Creating an optimized production build ...
Turbopack build encountered 1 warnings:
./next.config.ts
Encountered unexpected file in NFT list
A file was traced that indicates that the whole project was traced unintentionally. Somewhere in the import trace below
, there are:
- filesystem operations (like path.join, path.resolve or fs.readFile), or
- very dynamic requires (like require('./' + foo)).
To resolve this, you can
- remove them if possible, or
- only use them in development, or
- make sure they are statically scoped to some subfolder: path.join(process.cwd(), 'data', bar), or
- add ignore comments: path.join(/*turbopackIgnore: true*/ process.cwd(), bar)
Import trace:
App Route:
./next.config.ts
./src/app/api/fixture/route.ts
✓ Compiled successfully in 10.5s
Running TypeScript ...
Finished TypeScript in 6.4s ...
Collecting page data using 1 worker ...
Generating static pages using 1 worker (0/35) ...
Generating static pages using 1 worker (8/35)
Generating static pages using 1 worker (17/35)
Generating static pages using 1 worker (26/35)
✓ Generating static pages using 1 worker (35/35) in 261ms
Finalizing page optimization ...
Running onBuildComplete from Vercel
Warning: Detected "engines": { "node": ">=20.0.0" } in your `package.json` that will automatically upgrade when a new m
ajor Node.js Version is released. Learn More: https://vercel.link/node-version
Route (app)
┌ ○ /
├ ○ /_not-found
├ ƒ /api/analyze
├ ƒ /api/batches
├ ƒ /api/existing-codes
├ ƒ /api/fixture
├ ƒ /api/health
├ ƒ /api/import-monitor/phase
├ ƒ /api/import-monitor/summary
├ ƒ /api/import-tasks
├ ƒ /api/import-tasks/[taskId]
├ ƒ /api/import-tasks/[taskId]/batches
├ ƒ /api/import-tasks/[taskId]/errors
├ ƒ /api/init-db
├ ƒ /api/loadtest
├ ƒ /api/loadtest/report
├ ƒ /api/monitor
├ ƒ /api/parse
├ ƒ /api/rules
├ ƒ /api/scan
├ ƒ /api/seed-sku
├ ƒ /api/tickets
├ ƒ /api/traces
├ ƒ /api/waybills
├ ƒ /api/waybills/exception-status
├ ƒ /api/waybills/snapshot
├ ƒ /api/waybills/sync
├ ƒ /api/waybills/verify-sku
├ ƒ /api/worker/cron
├ ƒ /api/worker/qstash
├ ○ /history
├ ○ /loadtest
├ ○ /monitor-v4
├ ○ /rules
├ ○ /tasks
├ ƒ /tasks/[taskId]
├ ○ /traces
└ ○ /waybills
○  (Static)   prerendered as static content
ƒ  (Dynamic)  server-rendered on demand
Build Completed in /vercel/output [34s]
Deploying outputs...
[2K[1A[2K[G  Production      https://20260704155001-nf4ahq61q-zhous-projects-daecd222.vercel.app
Completing…
▲ Aliased         https://20260704155001.vercel.app

✓ Ready in 52s
https://20260704155001-nf4ahq61q-zhous-projects-daecd222.vercel.app
