╔═══════════════════════════════════════════════════════════╗
║   V3 运单全流程管理系统 — 全考点自动化多线程测试           ║
╚═══════════════════════════════════════════════════════════╝
  V2: http://localhost:3000
  V3: http://localhost:3001
  并发: 5 线程 | 批量: 50 工单


🔍 快速健康检查...
